#-----------------------------------------------------------
# Vivado v2019.1 (64-bit)
# SW Build 2552052 on Fri May 24 14:49:42 MDT 2019
# IP Build 2548770 on Fri May 24 18:01:18 MDT 2019
# Start of session at: Tue Nov  9 18:15:33 2021
# Process ID: 5396
# Current directory: C:/Users/jensming/Desktop/myLab6.xpr/myLab6
# Command line: vivado.exe -gui_launcher_event rodinguilauncherevent2368 C:\Users\jensming\Desktop\myLab6.xpr\myLab6\myLab6.xpr
# Log file: C:/Users/jensming/Desktop/myLab6.xpr/myLab6/vivado.log
# Journal file: C:/Users/jensming/Desktop/myLab6.xpr/myLab6\vivado.jou
#-----------------------------------------------------------
start_gui
open_project C:/Users/jensming/Desktop/myLab6.xpr/myLab6/myLab6.xpr
update_compile_order -fileset sources_1
launch_simulation
source lab6_SMtestbench.tcl
relaunch_sim
run 1000 ns
run 1000 ns
close_sim
close_sim -force
# Disabling source management mode.  This is to allow the top design properties to be set without GUI intervention.
set_property source_mgmt_mode None [current_project]
set_property top lab6_toptestbench [get_filesets sim_1]
set_property top_lib xil_defaultlib [get_filesets sim_1]
# Re-enabling previously disabled source management mode.
set_property source_mgmt_mode All [current_project]
update_compile_order -fileset sim_1
set_property is_enabled true [get_files  C:/Users/jensming/Desktop/myLab6.xpr/myLab6/myLab6.srcs/sim_1/imports/myLab6/lab6_toptestbench_behav.wcfg]
launch_simulation
open_wave_config C:/Users/jensming/Desktop/myLab6.xpr/myLab6/myLab6.srcs/sim_1/imports/myLab6/lab6_toptestbench_behav.wcfg
source lab6_toptestbench.tcl
run 1000 ns
run 1000 ns
run 1000 ns
run 1000 ns
relaunch_sim
run 1000 ns
run 1000 ns
run 1000 ns
run 1000 ns
relaunch_sim
run 1000 ns
run 1000 ns
run 1000 ns
run 1000 ns
relaunch_sim
run 1000 ns
run 1000 ns
run 1000 ns
run 1000 ns
relaunch_sim
run 1000 ns
run 1000 ns
run 1000 ns
run 1000 ns
relaunch_sim
run 1000 ns
run 1000 ns
run 1000 ns
run 1000 ns
save_wave_config {C:/Users/jensming/Desktop/myLab6.xpr/myLab6/myLab6.srcs/sim_1/imports/myLab6/lab6_toptestbench_behav.wcfg}
close_sim
archive_project C:/Users/jensming/Desktop/myLab6.xpr/myLab6.xpr.zip -temp_dir C:/Users/jensming/Desktop/myLab6.xpr/myLab6/.Xil/Vivado-5396-104PC19 -force -include_local_ip_cache
