#-----------------------------------------------------------
# Vivado v2019.1 (64-bit)
# SW Build 2552052 on Fri May 24 14:49:42 MDT 2019
# IP Build 2548770 on Fri May 24 18:01:18 MDT 2019
# Start of session at: Wed Nov 10 17:10:35 2021
# Process ID: 13212
# Current directory: C:/Users/James/Desktop/myLab6.xpr/myLab6
# Command line: vivado.exe -gui_launcher_event rodinguilauncherevent13976 C:\Users\James\Desktop\myLab6.xpr\myLab6\myLab6.xpr
# Log file: C:/Users/James/Desktop/myLab6.xpr/myLab6/vivado.log
# Journal file: C:/Users/James/Desktop/myLab6.xpr/myLab6\vivado.jou
#-----------------------------------------------------------
start_gui
open_project C:/Users/James/Desktop/myLab6.xpr/myLab6/myLab6.xpr
update_compile_order -fileset sources_1
synth_design -rtl -name rtl_1
launch_simulation
open_wave_config C:/Users/James/Desktop/myLab6.xpr/myLab6/myLab6.srcs/sim_1/imports/myLab6/lab6_toptestbench_behav.wcfg
source lab6_toptestbench.tcl
run 10 us
close_sim
set_property is_enabled false [get_files  C:/Users/James/Desktop/myLab6.xpr/myLab6/myLab6.srcs/sim_1/imports/myLab6/lab6_toptestbench_behav.wcfg]
set_property is_enabled true [get_files  C:/Users/James/Desktop/myLab6.xpr/myLab6/myLab6.srcs/sim_1/imports/myLab6/lab6_SMtestbench_behav.wcfg]
# Disabling source management mode.  This is to allow the top design properties to be set without GUI intervention.
set_property source_mgmt_mode None [current_project]
set_property top lab6_SMtestbench [get_filesets sim_1]
set_property top_lib xil_defaultlib [get_filesets sim_1]
# Re-enabling previously disabled source management mode.
set_property source_mgmt_mode All [current_project]
update_compile_order -fileset sim_1
launch_simulation
open_wave_config C:/Users/James/Desktop/myLab6.xpr/myLab6/myLab6.srcs/sim_1/imports/myLab6/lab6_SMtestbench_behav.wcfg
source lab6_SMtestbench.tcl
close_sim
