Copyright 1986-2019 Xilinx, Inc. All Rights Reserved.
---------------------------------------------------------------------------------------
| Tool Version : Vivado v.2019.1 (win64) Build 2552052 Fri May 24 14:49:42 MDT 2019
| Date         : Wed Nov 24 10:54:06 2021
| Host         : 104PC03 running 64-bit major release  (build 9200)
| Command      : report_control_sets -verbose -file top_module_control_sets_placed.rpt
| Design       : top_module
| Device       : xc7a35t
---------------------------------------------------------------------------------------

Control Set Information

Table of Contents
-----------------
1. Summary
2. Histogram
3. Flip-Flop Distribution
4. Detailed Control Set Information

1. Summary
----------

+----------------------------------------------------------+-------+
|                          Status                          | Count |
+----------------------------------------------------------+-------+
| Total control sets                                       |    61 |
|    Minimum number of control sets                        |    61 |
|    Addition due to synthesis replication                 |     0 |
|    Addition due to physical synthesis replication        |     0 |
| Unused register locations in slices containing registers |   251 |
+----------------------------------------------------------+-------+
* Control sets can be merged at opt_design using control_set_merge or merge_equivalent_drivers
** Run report_qor_suggestions for automated merging and remapping suggestions


2. Histogram
------------

+--------------------+-------+
|       Fanout       | Count |
+--------------------+-------+
| Total control sets |    61 |
| >= 0 to < 4        |    20 |
| >= 4 to < 6        |    31 |
| >= 6 to < 8        |     0 |
| >= 8 to < 10       |     5 |
| >= 10 to < 12      |     0 |
| >= 12 to < 14      |     0 |
| >= 14 to < 16      |     0 |
| >= 16              |     5 |
+--------------------+-------+
* Control sets can be remapped at either synth_design or opt_design


3. Flip-Flop Distribution
-------------------------

+--------------+-----------------------+------------------------+-----------------+--------------+
| Clock Enable | Synchronous Set/Reset | Asynchronous Set/Reset | Total Registers | Total Slices |
+--------------+-----------------------+------------------------+-----------------+--------------+
| No           | No                    | No                     |              25 |           16 |
| No           | No                    | Yes                    |               0 |            0 |
| No           | Yes                   | No                     |               0 |            0 |
| Yes          | No                    | No                     |             244 |          106 |
| Yes          | No                    | Yes                    |               0 |            0 |
| Yes          | Yes                   | No                     |              24 |           10 |
+--------------+-----------------------+------------------------+-----------------+--------------+


4. Detailed Control Set Information
-----------------------------------

+------------------------------+-----------------------------------------+-----------------------+------------------+----------------+
|         Clock Signal         |              Enable Signal              |    Set/Reset Signal   | Slice Load Count | Bel Load Count |
+------------------------------+-----------------------------------------+-----------------------+------------------+----------------+
|  not_so_slow/slowclk/clk_out | gameStates/CE0_4                        |                       |                1 |              2 |
|  not_so_slow/slowclk/clk_out | gameStates/CE0_0                        |                       |                1 |              2 |
|  not_so_slow/slowclk/clk_out | walls/leftBoundWall2/c2/CE0             |                       |                1 |              2 |
|  not_so_slow/slowclk/clk_out | ball/topBall/c2/CE0                     |                       |                1 |              2 |
|  not_so_slow/slowclk/clk_out | walls/rightBoundWall4/c2/CE0            |                       |                1 |              2 |
|  not_so_slow/slowclk/clk_out | walls/rightBoundBlock3/c2/CE0           |                       |                1 |              2 |
|  not_so_slow/slowclk/clk_out | gameStates/CE0_3                        |                       |                1 |              2 |
|  not_so_slow/slowclk/clk_out | visuals/cH/c2/CE0_1                     |                       |                1 |              2 |
|  not_so_slow/slowclk/clk_out | walls/rightBoundBlock4/c2/CE0           |                       |                1 |              2 |
|  not_so_slow/slowclk/clk_out | walls/leftBoundBlock1/c2/CE0            |                       |                1 |              2 |
|  not_so_slow/slowclk/clk_out | gameStates/CE0                          |                       |                1 |              2 |
|  not_so_slow/slowclk/clk_out | walls/rightBoundWall1/c2/CE0            |                       |                1 |              2 |
|  not_so_slow/slowclk/clk_out | visuals/cV/c2/CE0_0                     |                       |                1 |              2 |
|  not_so_slow/slowclk/clk_out | gameStates/CE0_1                        |                       |                1 |              2 |
|  not_so_slow/slowclk/clk_out | gameStates/Q4_FF_2                      |                       |                1 |              2 |
|  not_so_slow/slowclk/clk_out | walls/rightBoundWall3/c2/CE0            |                       |                1 |              2 |
|  not_so_slow/slowclk/clk_out | walls/leftBoundBlock2/c2/CE0            |                       |                1 |              2 |
|  not_so_slow/slowclk/clk_out | walls/rightBoundBlock1/c2/CE0           |                       |                1 |              2 |
|  not_so_slow/slowclk/clk_out | walls/leftBoundWall1/c2/CE0             |                       |                1 |              2 |
|  not_so_slow/slowclk/clk_out | gameStates/CE0_2                        |                       |                1 |              2 |
|  not_so_slow/slowclk/clk_out | walls/leftBoundBlock1/c1/CE0_0          |                       |                2 |              4 |
|  not_so_slow/slowclk/clk_out | walls/rightBoundWall4/c1/CE0            |                       |                2 |              4 |
|  not_so_slow/slowclk/clk_out | FPS/c1/Up0                              | gameStates/ResetTimer |                1 |              4 |
|  not_so_slow/slowclk/clk_out | walls/rightBoundBlock4/c1/CE0           |                       |                2 |              4 |
|  not_so_slow/slowclk/clk_out | walls/rightBoundWall1/c1/CE0_0          |                       |                1 |              4 |
|  not_so_slow/slowclk/clk_out | walls/rightBoundBlock3/c1/CE0           |                       |                2 |              4 |
|  not_so_slow/slowclk/clk_out | walls/rightBoundWall2/c1/CE0            |                       |                2 |              4 |
|  not_so_slow/slowclk/clk_out | walls/rightBoundWall3/c1/CE0            |                       |                2 |              4 |
|  not_so_slow/slowclk/clk_out | walls/leftBoundBlock3/c1/CE0            |                       |                1 |              4 |
|  not_so_slow/slowclk/clk_out | score/c2/Up00_out                       | gameStates/R0         |                2 |              4 |
|  not_so_slow/slowclk/clk_out | score/c1/eScoreCE                       | gameStates/R0         |                1 |              4 |
|  not_so_slow/slowclk/clk_out | score/c3/Up02_out                       | gameStates/R0         |                2 |              4 |
|  not_so_slow/slowclk/clk_out | visuals/cV/c1/CE0_0                     |                       |                2 |              4 |
|  not_so_slow/slowclk/clk_out | walls/rightBoundBlock2/c1/CE0           |                       |                1 |              4 |
|  not_so_slow/slowclk/clk_out | walls/leftBoundWall4/c1/CE0             |                       |                2 |              4 |
|  not_so_slow/slowclk/clk_out | walls/rightBoundBlock1/c1/CE0_0         |                       |                1 |              4 |
|  not_so_slow/slowclk/clk_out | visuals/cH/c1/CE0_0                     |                       |                2 |              4 |
|  not_so_slow/slowclk/clk_out | FPS/c1/eVsync                           | gameStates/ResetTimer |                2 |              4 |
|  not_so_slow/slowclk/clk_out | walls/leftBoundBlock2/c1/CE0            |                       |                3 |              4 |
|  not_so_slow/slowclk/clk_out | not_so_slow/slowclk/XLXI_38/I_36_31_n_0 |                       |                2 |              4 |
|  not_so_slow/slowclk/clk_out | not_so_slow/slowclk/XLXI_39/CEO         |                       |                2 |              4 |
|  not_so_slow/slowclk/clk_out | not_so_slow/slowclk/XLXI_40/CEO         |                       |                2 |              4 |
|  not_so_slow/slowclk/clk_out | not_so_slow/slowclk/XLXI_45/CEO         |                       |                1 |              4 |
|  not_so_slow/slowclk/clk_out | walls/leftBoundBlock4/c1/CE0            |                       |                2 |              4 |
|  not_so_slow/slowclk/clk_out | walls/leftBoundWall1/c1/CE0_0           |                       |                2 |              4 |
|  not_so_slow/slowclk/clk_out | walls/leftBoundWall2/c1/CE0             |                       |                2 |              4 |
|  not_so_slow/slowclk/clk_out | visuals/cH/c1/CE0                       |                       |                2 |              4 |
|  not_so_slow/slowclk/clk_out | ball/topBall/c1/CE0                     |                       |                1 |              4 |
|  not_so_slow/slowclk/clk_out | walls/leftBoundWall3/c1/CE0             |                       |                1 |              4 |
|  not_so_slow/slowclk/clk_out | score/c1/Up0                            | gameStates/R0         |                2 |              4 |
|  not_so_slow/slowclk/clk_out | ball/bottomBall/c1/CE0                  |                       |                2 |              4 |
|  not_so_slow/slowclk/clk_out | walls/rightBoundWall4/c2/rndCE4         |                       |                4 |              8 |
|  not_so_slow/slowclk/clk_out | walls/rightBoundWall3/c2/rndCE3         |                       |                4 |              8 |
|  not_so_slow/slowclk/clk_out | walls/rightBoundWall1/c2/rndCE1         |                       |                4 |              8 |
|  not_so_slow/slowclk/clk_out | walls/rightBoundWall2/c2/rndCE2         |                       |                3 |              8 |
|  not_so_slow/slowclk/clk_out | ball/bottomBall/c2/Qframe4_2_FF_0       |                       |                5 |              8 |
|  not_so_slow/slowclk/clk_out | gameStates/CE0_5                        |                       |                5 |             16 |
|  not_so_slow/slowclk/clk_out | visuals/cH/c2/CE0                       |                       |                6 |             16 |
|  not_so_slow/slowclk/clk_out | gameStates/CE0_7                        |                       |                4 |             16 |
|  not_so_slow/slowclk/clk_out | gameStates/CE0_6                        |                       |                7 |             16 |
|  not_so_slow/slowclk/clk_out |                                         |                       |               16 |             25 |
+------------------------------+-----------------------------------------+-----------------------+------------------+----------------+


