#-----------------------------------------------------------
# Vivado v2019.1 (64-bit)
# SW Build 2552052 on Fri May 24 14:49:42 MDT 2019
# IP Build 2548770 on Fri May 24 18:01:18 MDT 2019
# Start of session at: Sun Oct  3 22:17:20 2021
# Process ID: 14012
# Current directory: C:/Users/James/Desktop/CSE100/myLab1.xpr/myLab1
# Command line: vivado.exe -gui_launcher_event rodinguilauncherevent16204 C:\Users\James\Desktop\CSE100\myLab1.xpr\myLab1\myLab1.xpr
# Log file: C:/Users/James/Desktop/CSE100/myLab1.xpr/myLab1/vivado.log
# Journal file: C:/Users/James/Desktop/CSE100/myLab1.xpr/myLab1\vivado.jou
#-----------------------------------------------------------
start_gui
open_project C:/Users/James/Desktop/CSE100/myLab1.xpr/myLab1/myLab1.xpr
update_compile_order -fileset sources_1
open_run synth_1 -name synth_1
export_ip_user_files -of_objects  [get_files C:/../Local/Temp/Temp1_myLab1.xpr.zip/myLab1/archive_project_summary.txt] -no_script -reset -force -quiet
remove_files  C:/../Local/Temp/Temp1_myLab1.xpr.zip/myLab1/archive_project_summary.txt
synth_design -rtl -name rtl_1
write_schematic -format pdf -orientation portrait C:/Users/James/Desktop/myLab1_schematic.pdf
