Copyright 1986-2019 Xilinx, Inc. All Rights Reserved.
---------------------------------------------------------------------------------------
| Tool Version : Vivado v.2019.1 (win64) Build 2552052 Fri May 24 14:49:42 MDT 2019
| Date         : Mon Nov  8 12:12:13 2021
| Host         : 104PC25 running 64-bit major release  (build 9200)
| Command      : report_control_sets -verbose -file top_module_control_sets_placed.rpt
| Design       : top_module
| Device       : xc7a35t
---------------------------------------------------------------------------------------

Control Set Information

Table of Contents
-----------------
1. Summary
2. Histogram
3. Flip-Flop Distribution
4. Detailed Control Set Information

1. Summary
----------

+----------------------------------------------------------+-------+
|                          Status                          | Count |
+----------------------------------------------------------+-------+
| Total control sets                                       |    12 |
|    Minimum number of control sets                        |    12 |
|    Addition due to synthesis replication                 |     0 |
|    Addition due to physical synthesis replication        |     0 |
| Unused register locations in slices containing registers |    44 |
+----------------------------------------------------------+-------+
* Control sets can be merged at opt_design using control_set_merge or merge_equivalent_drivers
** Run report_qor_suggestions for automated merging and remapping suggestions


2. Histogram
------------

+--------------------+-------+
|       Fanout       | Count |
+--------------------+-------+
| Total control sets |    12 |
| >= 0 to < 4        |     3 |
| >= 4 to < 6        |     5 |
| >= 6 to < 8        |     0 |
| >= 8 to < 10       |     2 |
| >= 10 to < 12      |     0 |
| >= 12 to < 14      |     1 |
| >= 14 to < 16      |     0 |
| >= 16              |     1 |
+--------------------+-------+
* Control sets can be remapped at either synth_design or opt_design


3. Flip-Flop Distribution
-------------------------

+--------------+-----------------------+------------------------+-----------------+--------------+
| Clock Enable | Synchronous Set/Reset | Asynchronous Set/Reset | Total Registers | Total Slices |
+--------------+-----------------------+------------------------+-----------------+--------------+
| No           | No                    | No                     |              16 |            5 |
| No           | No                    | Yes                    |               0 |            0 |
| No           | Yes                   | No                     |               0 |            0 |
| Yes          | No                    | No                     |              57 |           20 |
| Yes          | No                    | Yes                    |               0 |            0 |
| Yes          | Yes                   | No                     |              11 |            5 |
+--------------+-----------------------+------------------------+-----------------+--------------+


4. Detailed Control Set Information
-----------------------------------

+------------------------------+------------------------------------+------------------+------------------+----------------+
|         Clock Signal         |            Enable Signal           | Set/Reset Signal | Slice Load Count | Bel Load Count |
+------------------------------+------------------------------------+------------------+------------------+----------------+
|  slowit/slowclk/clk_out      | timeC/c1/Q0_FF_1                   | sm/ResetTimer    |                1 |              1 |
|  slowit/slowclk/clk_out      | gameC/c1/Q2_FF_1                   | sm/ResetCount    |                1 |              2 |
|  slowit/slowclk/clk_out      | slowit/slowclk/XLXI_45/CEO         |                  |                1 |              2 |
|  slowit/my_clk_inst/clk_out1 |                                    |                  |                1 |              4 |
|  slowit/my_clk_inst/clk_out1 | slowit/slowclk/XLXI_37/I_36_31_n_0 |                  |                2 |              4 |
|  slowit/my_clk_inst/clk_out1 | slowit/slowclk/XLXI_38/CEO         |                  |                2 |              4 |
|  slowit/slowclk/clk_out      | sm/CE0                             | sm/ResetCount    |                1 |              4 |
|  slowit/slowclk/clk_out      | slowit/slowclk/qsec3               | sm/ResetTimer    |                2 |              4 |
|  slowit/slowclk/clk_out      | sm/Q_0                             |                  |                1 |              8 |
|  slowit/slowclk/clk_out      | slowit/slowclk/XLXI_40/TC          |                  |                4 |              8 |
|  slowit/slowclk/clk_out      |                                    |                  |                4 |             12 |
|  slowit/slowclk/clk_out      | sm/scoreEdge                       |                  |               10 |             31 |
+------------------------------+------------------------------------+------------------+------------------+----------------+


